// Jest Snapshot v1, https://goo.gl/fbAQLP

exports[`Link list renders correctly given data 1`] = `
<div
  className="d-flex flex-row justify-content-center pt-4"
>
  <div
    className="pr-2"
  >
    <span
      className="title"
    >
      LinkedIn
    </span>
    <span>
      :
    </span>
  </div>
  <span
    className="subtitle"
  >
    https://linkedin.com
  </span>
</div>
`;
